// Jest Snapshot v1, https://goo.gl/fbAQLP

exports[`<BadLink /> should render and match the snapshot 1`] = `
<body>
  <div>
    <div>
      <div
        class="sc-dlnjwi iVCkmR"
      >
        <img
          class="sc-hKFxyN hhWvmJ"
        />
        <p
          class="sc-bdnxRM caWfaj sc-gtsrHT khIXST"
          data-testid="warning"
        >
          clawful
        </p>
        <p
          class="sc-bdnxRM caWfaj sc-eCApnc bVAJAc"
          data-testid="t"
        >
          page_not_found
        </p>
        <button
          class="ant-btn ant-btn-primary sc-jSFjdj iMmLda"
          type="button"
        >
          <span>
            Take Me Home
          </span>
        </button>
      </div>
    </div>
  </div>
</body>
`;
