// Jest Snapshot v1, https://goo.gl/fbAQLP

exports[`<CustomCheckbox /> should render and match the snapshot 1`] = `
<body>
  <div>
    <label
      class="ant-checkbox-wrapper sc-bdfBwQ jXNEbi"
    >
      <span
        class="ant-checkbox"
      >
        <input
          class="ant-checkbox-input"
          data-testid="custom-checkbox"
          type="checkbox"
          value=""
        />
        <span
          class="ant-checkbox-inner"
        />
      </span>
    </label>
  </div>
</body>
`;
