// Jest Snapshot v1, https://goo.gl/fbAQLP

exports[`<CustomRadio /> should render and match the snapshot 1`] = `
<body>
  <div>
    <label
      class="ant-radio-wrapper sc-bdfBwQ gaYMUQ"
    >
      <span
        class="ant-radio"
      >
        <input
          class="ant-radio-input"
          data-testid="custom-radio"
          type="radio"
          value=""
        />
        <span
          class="ant-radio-inner"
        />
      </span>
    </label>
  </div>
</body>
`;
