// Jest Snapshot v1, https://goo.gl/fbAQLP

exports[`<ProfileWidget /> should render and match the snapshot 1`] = `
<body>
  <div>
    <div
      class="sc-gtsrHT hABRft"
      data-testid="profile-widget"
    >
      <div
        class="sc-dlnjwi efXFDQ"
      >
        <div
          class="sc-hKFxyN dqNXkP"
        >
          <div
            class="sc-iCoGMd jFvNWr"
          >
            <label
              for="profilePic"
            >
              <div
                class="sc-fujyAs bLYEml"
              >
                <img
                  class="sc-pNWdM fBRJbj"
                  src="IMAGE_MOCK"
                />
              </div>
            </label>
            <input
              accept="image/jpeg, image/jpg, image/png"
              class="sc-jrsJWt iftWWR"
              data-cy="profilePic"
              id="profilePic"
              name="profilePic"
              type="file"
            />
          </div>
          <span
            data-testid="user-name-initial"
          >
            <div
              class="sc-jSFjdj bwznNJ"
            >
              <p
                class="sc-bdnxRM caWfaj sc-gKAaRy fKxxhD"
                data-testid="t"
              />
            </div>
          </span>
        </div>
      </div>
    </div>
  </div>
</body>
`;
