// Jest Snapshot v1, https://goo.gl/fbAQLP

exports[`<Timer /> should render and match the snapshot 1`] = `
<body>
  <div>
    <div
      data-testid="timer"
    >
      <p
        class="sc-bdfBwQ gZxDMi sc-gsTCUz bruhyv"
        data-testid="t"
      >
        RESEND
      </p>
    </div>
  </div>
</body>
`;
