// Jest Snapshot v1, https://goo.gl/fbAQLP

exports[`<NoInternet /> should render and match the snapshot 1`] = `
<body>
  <div>
    <div>
      <div
        class="sc-dlnjwi iVCkmR"
      >
        <img
          class="sc-hKFxyN hhWvmJ"
        />
        <p
          class="sc-bdnxRM caWfaj sc-gtsrHT khIXST"
          data-testid="warning"
        >
          whoof
        </p>
        <p
          class="sc-bdnxRM caWfaj sc-eCApnc bVAJAc"
          data-testid="t"
        >
          slow_or_no
        </p>
        <p
          class="sc-bdnxRM caWfaj sc-jSFjdj jgAsNh"
          data-testid="t"
        >
          please_check
        </p>
      </div>
    </div>
  </div>
</body>
`;
