// Jest Snapshot v1, https://goo.gl/fbAQLP

exports[`<OtpInput /> should render and match the snapshot 1`] = `
<body>
  <div>
    <span
      class="ant-input-affix-wrapper sc-eCssSg bcxzLk sc-gKsewC cJKeBK"
    >
      <input
        class="ant-input"
        data-testid="otp-input"
        placeholder="otp_msg"
        type="text"
        value=""
      />
      <span
        class="ant-input-suffix"
      >
        <span
          class="sc-jSgupP hWZdxp"
        >
          <div
            data-testid="timer"
          >
            <p
              class="sc-bdfBwQ gZxDMi sc-gsTCUz cEanxO"
              data-testid="t"
            >
              RESEND
            </p>
          </div>
        </span>
      </span>
    </span>
  </div>
</body>
`;
