// Jest Snapshot v1, https://goo.gl/fbAQLP

exports[`<Header /> should render and match the snapshot 1`] = `
<body>
  <div>
    <header
      class="ant-layout-header sc-gtsrHT eKqqMW"
      data-testid="header"
      intl="[object Object]"
    >
      <img
        class="sc-dlnjwi UbOhE"
        data-testid="logo"
      />
      <div
        class="sc-hKFxyN cyCtHb"
      />
    </header>
  </div>
</body>
`;
